=== BASELINE SEED 0 ===
Peak VRAM: 22.32 MB
Peak RAM: 1219.25 MB
============================================================
Outputs written to results_seeds/base_s0/
=== BASELINE SEED 1 ===
Peak VRAM: 22.32 MB
Peak RAM: 1219.18 MB
============================================================
Outputs written to results_seeds/base_s1/
=== BASELINE SEED 2 ===
Peak VRAM: 22.32 MB
Peak RAM: 1219.18 MB
============================================================
Outputs written to results_seeds/base_s2/
=== BASELINE SEED 3 ===
Peak VRAM: 22.32 MB
Peak RAM: 1219.38 MB
============================================================
Outputs written to results_seeds/base_s3/
=== BASELINE SEED 4 ===
Peak VRAM: 22.32 MB
Peak RAM: 1219.43 MB
============================================================
Outputs written to results_seeds/base_s4/
=== BASELINE SEED 5 ===
Peak VRAM: 22.32 MB
Peak RAM: 1219.36 MB
============================================================
Outputs written to results_seeds/base_s5/
=== BASELINE SEED 6 ===
Peak VRAM: 22.32 MB
Peak RAM: 1219.25 MB
============================================================
Outputs written to results_seeds/base_s6/
=== BASELINE SEED 7 ===
Peak VRAM: 22.32 MB
Peak RAM: 1219.23 MB
============================================================
Outputs written to results_seeds/base_s7/
=== BASELINE SEED 8 ===
Peak VRAM: 22.32 MB
Peak RAM: 1219.38 MB
============================================================
Outputs written to results_seeds/base_s8/
=== BASELINE SEED 9 ===
Peak VRAM: 22.32 MB
Peak RAM: 1219.05 MB
============================================================
Outputs written to results_seeds/base_s9/
=== BASELINE SEED SWEEP COMPLETE ===
