Device: cuda
============================================================
RAIRAW-V1 META-TRAINING (recursive controller)
============================================================
Base model params: 17,249  main weight pool: 17,249  regions: 45 (<= 1000 weights each)
RAIRAW cell params: 761  (budget < 1000), pool max 20
HRM governor (frozen, allocation only): 0 params from /home/evsphere/projects/aiprojects/evmind/results_hmem/magnitude_governor/governor_pretrained.pt
Objective: L_new + 1.0*L_old + 1.0*(mean(M)-0.3)^2 + 0.3*mean(M*(gA_hat^2-1)) + 0.5*mean(|dW|/|W|)
Meta: 8 parallel steps x 390 updates, warmup=12, burst=3x, batch=512
H_MEM: empty per meta step; random influence context (alpha=0.5 live)
step     1/390  L_new=0.0151 L_old=0.0000  sp=0.0004 ewc=0.0000 dW=0.00008  | alloc 65/17249 w (7% regions) | mask mean=0.001 <0.1:1.00
step    50/390  L_new=0.5114 L_old=0.1875  sp=0.0248 ewc=0.0164 dW=0.09352  | alloc 225/17249 w (13% regions) | mask mean=0.002 <0.1:0.99
step   100/390  L_new=0.6636 L_old=0.2610  sp=0.0506 ewc=0.0167 dW=0.08286  | alloc 3641/17249 w (44% regions) | mask mean=0.010 <0.1:1.00
step   150/390  L_new=0.7617 L_old=0.2481  sp=0.0672 ewc=0.0103 dW=0.05229  | alloc 1/17249 w (2% regions) | mask mean=0.000 <0.1:1.00
step   200/390  L_new=0.7939 L_old=0.3050  sp=0.0759 ewc=0.0071 dW=0.03144  | alloc 1385/17249 w (22% regions) | mask mean=0.002 <0.1:1.00
step   250/390  L_new=0.8227 L_old=0.2818  sp=0.0796 ewc=0.0050 dW=0.02354  | alloc 4609/17249 w (44% regions) | mask mean=0.005 <0.1:1.00
step   300/390  L_new=0.7969 L_old=0.2836  sp=0.0813 ewc=0.0040 dW=0.01983  | alloc 3673/17249 w (44% regions) | mask mean=0.004 <0.1:1.00
step   350/390  L_new=0.8242 L_old=0.3448  sp=0.0821 ewc=0.0042 dW=0.01852  | alloc 3633/17249 w (44% regions) | mask mean=0.005 <0.1:1.00

============================================================
RAIRAW META-TRAINING COMPLETE
============================================================
Cell params: 761 controlling 17,249 weights via 45 regions (pool max 20)
Last allocation: 3633/17249 weights active (44% regions)
Training took 784s
Saved cell to results_raira/raira_cell_pretrained.pt
