Device: cuda
============================================================
RAIRAW-V1 META-TRAINING (recursive controller)
============================================================
Base model params: 17,249  main weight pool: 17,249  regions: 45 (<= 1000 weights each)
RAIRAW cell params: 761  (budget < 1000), pool max 20
HRM governor (frozen, allocation only): 0 params from /home/evsphere/projects/aiprojects/evmind/results_hmem/magnitude_governor/governor_pretrained.pt
Objective: L_new + 1.0*L_old + 1.0*(mean(M)-0.3)^2 + 0.3*mean(M*(gA_hat^2-1)) + 5.0*mean(|dW|/|W|)
Meta: 4 parallel steps x 55 updates, warmup=12, burst=40x, batch=512
H_MEM: empty per meta step; random influence context (alpha=0.5 live)
Distill: 120 region-gate steps (teacher: frozen HRM)
distill    1/120  cellMSE=0.0857
distill   30/120  cellMSE=0.0020
distill   60/120  cellMSE=0.0001
distill   90/120  cellMSE=0.0017
distill  120/120  cellMSE=0.0001
step     1/55  L_new=0.0146 L_old=0.0000  sp=0.0015 ewc=0.0000 dW=0.00003  | alloc 2705/17249 w (44% regions) | mask mean=0.004 <0.1:1.00
step    50/55  L_new=0.4849 L_old=0.1641  sp=0.0387 ewc=0.0386 dW=0.00220  | alloc 33/17249 w (4% regions) | mask mean=0.000 <0.1:1.00

============================================================
RAIRAW META-TRAINING COMPLETE
============================================================
Cell params: 761 controlling 17,249 weights via 45 regions (pool max 20)
Last allocation: 33/17249 weights active (4% regions)
Training took 506s
Saved cell to results_raira/raira_cell_pretrained.pt
