Device: cuda
============================================================
RAIRAW-V1 META-TRAINING (recursive controller)
============================================================
Base model params: 17,249  main weight pool: 17,249  regions: 45 (<= 1000 weights each)
RAIRAW cell params: 1,866  (budget < 1000), pool max 20
HRM governor (trainable, WHERE + capacity demand): 0 params from /home/evsphere/projects/aiprojects/evmind/results_hmem/magnitude_governor/governor_pretrained.pt
Objective (v3 nodes): att <- L_new+0.3*after; ret <- 1.0*L_old+0.02*EWC; int <- composed; ctrl <- composed+1.0*sparse+5.0*dW
Meta: 4 parallel steps x 200 updates, warmup=8, burst=20x, batch=512
H_MEM: empty per meta step; random influence context (alpha=0.5 live)
Distill: 120 region-gate steps (teacher: frozen HRM)
distill    1/120  cellMSE=0.1020
distill   30/120  cellMSE=0.0014
distill   60/120  cellMSE=0.0002
distill   90/120  cellMSE=0.0001
distill  120/120  cellMSE=0.0001
Governor: TRAINABLE (lr=0.001, cap_lambda=1.0)
Pre-warm kernels (first-batch cudnn/optimizer penalty) ...
step     1/200  L_new=-0.0015 (b 0.73->a 0.65) L_old=0.0000  sp=0.0000 ewc=0.0000 dW=0.00061  | D=0.24 alloc 11000/17249 w (24% regions) | mask mean=0.200 <0.1:0.36
step    50/200  L_new=-0.0977 (b 0.71->a 0.57) L_old=0.0286  sp=0.0106 ewc=0.3117 dW=0.02559  | D=0.22 alloc 10000/17249 w (22% regions) | mask mean=0.301 <0.1:0.42
step   100/200  L_new=-0.1670 (b 0.71->a 0.64) L_old=0.0592  sp=0.1032 ewc=0.7486 dW=0.04755  | D=0.23 alloc 10000/17249 w (22% regions) | mask mean=0.488 <0.1:0.42
step   150/200  L_new=-0.2039 (b 0.81->a 0.44) L_old=0.0655  sp=0.2381 ewc=0.9854 dW=0.06252  | D=0.23 alloc 10000/17249 w (22% regions) | mask mean=0.548 <0.1:0.42
step   200/200  L_new=-0.2310 (b 0.62->a 0.25) L_old=0.0773  sp=0.3254 ewc=1.0554 dW=0.07035  | D=0.23 alloc 10000/17249 w (22% regions) | mask mean=0.573 <0.1:0.42
Saved trained governor to results_raira_v5/raira_governor_pretrained.pt

============================================================
RAIRAW META-TRAINING COMPLETE
============================================================
Cell params: 1,866 controlling 17,249 weights via 45 regions (pool max 20)
Last allocation: 10000/17249 weights active (22% regions)
Training took 1549s
Saved cell to results_raira_v5/raira_cell_pretrained.pt
